MO router_sync NULL ../../rtl/router_sync.v vlg7D/router__sync.bin 1441626328
MO router_fsm NULL ../../rtl/router_fsm.v vlg6E/router__fsm.bin 1441626328
MO router_reg NULL ../../rtl/router_reg.v vlg4E/router__reg.bin 1441626328
MO router_fifo NULL ../../rtl/router_fifo.v vlg78/router__fifo.bin 1441626328
MO router_top NULL ../../rtl/router_top.v vlg3B/router__top.bin 1440846185
MO router_top_gen NULL ../../rtl/router_top_gen.v vlg64/router__top__gen.bin 1441626328
